
Memory Configuration

Name             Origin             Length             Attributes
FLASH            0x0000000008000000 0x0000000000080000 xr
SRAM             0x0000000020000000 0x0000000000020000 xrw
*default*        0x0000000000000000 0xffffffffffffffff

Linker script and memory map

LOAD build/startup.o
LOAD build/main.o

.text           0x0000000008000000      0x230
 *(.isr_vector)
 .isr_vector    0x0000000008000000      0x198 build/startup.o
                0x0000000008000000                vector
 *(.text)
 .text          0x0000000008000198       0x8c build/startup.o
                0x0000000008000198                reset_handler
                0x000000000800021c                dma1_stream6_handler
                0x000000000800021c                spi4_handler
                0x000000000800021c                dma1_stream4_handler
                0x000000000800021c                exti0_handler
                0x000000000800021c                tim1_brk_tim9_handler
                0x000000000800021c                dma2_stream2_handler
                0x000000000800021c                tim1_trg_com_tim11_handler
                0x000000000800021c                dma2_stream3_handler
                0x000000000800021c                busfault_handler
                0x000000000800021c                dma2_stream6_handler
                0x000000000800021c                otgfs_handler
                0x000000000800021c                i2c1_er_handler
                0x000000000800021c                sdio_handler
                0x000000000800021c                systick_handler
                0x000000000800021c                exti3_handler
                0x000000000800021c                memmanage_handler
                0x000000000800021c                exti21_handler
                0x000000000800021c                svc_handler
                0x000000000800021c                exti1_handler
                0x000000000800021c                default_handler
                0x000000000800021c                exti9_5_handler
                0x000000000800021c                exti16_handler
                0x000000000800021c                fpu_handler
                0x000000000800021c                dma1_stream1_handler
                0x000000000800021c                exti15_10_handler
                0x000000000800021c                spi2_handler
                0x000000000800021c                i2c3_er_handler
                0x000000000800021c                tim3_handler
                0x000000000800021c                dma2_stream4_handler
                0x000000000800021c                i2c3_ev_handler
                0x000000000800021c                dma2_stream1_handler
                0x000000000800021c                flash_handler
                0x000000000800021c                dma1_stream5_handler
                0x000000000800021c                dma1_stream2_handler
                0x000000000800021c                usart6_handler
                0x000000000800021c                debugmon_handler
                0x000000000800021c                dma2_stream7_handler
                0x000000000800021c                rcc_handler
                0x000000000800021c                spi1_handler
                0x000000000800021c                tim4_handler
                0x000000000800021c                pendsv_handler
                0x000000000800021c                spi3_handler
                0x000000000800021c                usagefault_handler
                0x000000000800021c                usart2_handler
                0x000000000800021c                dma1_stream0_handler
                0x000000000800021c                dma1_stream7_handler
                0x000000000800021c                adc_handler
                0x000000000800021c                i2c1_ev_handler
                0x000000000800021c                exti2_handler
                0x000000000800021c                tim5_handler
                0x000000000800021c                exti22_handler
                0x000000000800021c                hardfault_handler
                0x000000000800021c                i2c2_ev_handler
                0x000000000800021c                i2c2_er_handler
                0x000000000800021c                nmi_handler
                0x000000000800021c                usart1_handler
                0x000000000800021c                tim2_handler
                0x000000000800021c                dma2_stream5_handler
                0x000000000800021c                wwdg_handler
                0x000000000800021c                spi5_handler
                0x000000000800021c                exti4_handler
                0x000000000800021c                dma2_stream0_handler
                0x000000000800021c                tim1_cc_handler
                0x000000000800021c                exti17_handler
                0x000000000800021c                exti18_handler
                0x000000000800021c                dma1_stream3_handler
                0x000000000800021c                tim1_up_tim10_handler
 .text          0x0000000008000224        0xc build/main.o
                0x0000000008000224                main
                0x0000000008000230                . = ALIGN (0x4)
 *(.rodata)
                0x0000000008000230                . = ALIGN (0x4)
                0x0000000008000230                _la_data = .

.glue_7         0x0000000008000230        0x0
 .glue_7        0x0000000008000230        0x0 linker stubs

.glue_7t        0x0000000008000230        0x0
 .glue_7t       0x0000000008000230        0x0 linker stubs

.vfp11_veneer   0x0000000008000230        0x0
 .vfp11_veneer  0x0000000008000230        0x0 linker stubs

.v4_bx          0x0000000008000230        0x0
 .v4_bx         0x0000000008000230        0x0 linker stubs

.iplt           0x0000000008000230        0x0
 .iplt          0x0000000008000230        0x0 build/startup.o

.rel.dyn        0x0000000008000230        0x0
 .rel.iplt      0x0000000008000230        0x0 build/startup.o

.data           0x0000000020000000        0x4 load address 0x0000000008000230
                0x0000000020000000                _sdata = .
 *(.data)
 .data          0x0000000020000000        0x0 build/startup.o
 .data          0x0000000020000000        0x4 build/main.o
                0x0000000020000000                version
                0x0000000020000004                . = ALIGN (0x4)
                0x0000000020000004                _edata = .

.igot.plt       0x0000000020000004        0x0 load address 0x0000000008000234
 .igot.plt      0x0000000020000004        0x0 build/startup.o

.bss            0x0000000020000004        0x0 load address 0x0000000008000234
                0x0000000020000004                . = ALIGN (0x4)
                0x0000000020000004                _sbss = .
 *(.bss)
 .bss           0x0000000020000004        0x0 build/startup.o
 .bss           0x0000000020000004        0x0 build/main.o
                0x0000000020000004                . = ALIGN (0x4)
                0x0000000020000004                _ebss = .
OUTPUT(blinky.elf elf32-littlearm)
LOAD linker stubs

.debug_info     0x0000000000000000      0x244
 .debug_info    0x0000000000000000      0x163 build/startup.o
 .debug_info    0x0000000000000163       0xe1 build/main.o

.debug_abbrev   0x0000000000000000      0x159
 .debug_abbrev  0x0000000000000000       0xd2 build/startup.o
 .debug_abbrev  0x00000000000000d2       0x87 build/main.o

.debug_aranges  0x0000000000000000       0x40
 .debug_aranges
                0x0000000000000000       0x20 build/startup.o
 .debug_aranges
                0x0000000000000020       0x20 build/main.o

.debug_line     0x0000000000000000      0x1a5
 .debug_line    0x0000000000000000      0x164 build/startup.o
 .debug_line    0x0000000000000164       0x41 build/main.o

.debug_str      0x0000000000000000      0x182
 .debug_str     0x0000000000000000      0x154 build/startup.o
                                        0x199 (size before relaxing)
 .debug_str     0x0000000000000154       0x2e build/main.o
                                        0x13c (size before relaxing)

.comment        0x0000000000000000       0x49
 .comment       0x0000000000000000       0x49 build/startup.o
                                         0x4a (size before relaxing)
 .comment       0x0000000000000049       0x4a build/main.o

.ARM.attributes
                0x0000000000000000       0x2e
 .ARM.attributes
                0x0000000000000000       0x2e build/startup.o
 .ARM.attributes
                0x000000000000002e       0x2e build/main.o

.debug_frame    0x0000000000000000       0x78
 .debug_frame   0x0000000000000000       0x4c build/startup.o
 .debug_frame   0x000000000000004c       0x2c build/main.o
